2026-08-17 00:01:02 [INFO] Backup service initialized
2026-08-17 00:01:03 [INFO] Loading backup configuration
2026-08-17 00:01:04 [INFO] Target: /srv/archive/
2026-08-17 00:01:05 [INFO] Destination: /mnt/backups/archive/
2026-08-17 00:01:06 [INFO] Verifying permissions
2026-08-17 00:01:07 [INFO] Permission check successful
2026-08-17 00:01:09 [INFO] Scanning directory tree

2026-08-17 00:01:12 [FILE] /srv/archive/incident_report.txt
2026-08-17 00:01:13 [FILE] /srv/archive/access_records.txt
2026-08-17 00:01:14 [FILE] /srv/archive/operation_notes.txt
2026-08-17 00:01:15 [FILE] /srv/archive/recovery_manifest.txt

2026-08-17 00:01:18 [INFO] 4 files discovered
2026-08-17 00:01:19 [INFO] Calculating checksums

2026-08-17 00:01:20 [HASH] incident_report.txt
SHA256: 6c2d7a19b8e34f7d0c1e9a24a1d4b872

2026-08-17 00:01:21 [HASH] access_records.txt
SHA256: 91f83d7a4c6e1b29d3f4a802e77c91aa

2026-08-17 00:01:22 [HASH] operation_notes.txt
SHA256: 42c9a8e71d03b6f4e9c21a77d83f5a10

2026-08-17 00:01:23 [HASH] recovery_manifest.txt
SHA256: 8a17c4d92e61f03b7b19d42c5e77a901

2026-08-17 00:01:27 [INFO] Compressing archive
2026-08-17 00:01:31 [INFO] Compression complete
2026-08-17 00:01:32 [INFO] Verifying archive integrity
2026-08-17 00:01:34 [INFO] Integrity check passed
2026-08-17 00:01:36 [INFO] Backup completed successfully

2026-08-17 01:00:00 [INFO] Scheduled backup started
2026-08-17 01:00:01 [INFO] No changes detected
2026-08-17 01:00:02 [INFO] Backup skipped

2026-08-17 02:00:00 [INFO] Scheduled backup started
2026-08-17 02:00:01 [WARN] Authentication service responding slowly
2026-08-17 02:00:03 [INFO] Authentication service recovered
2026-08-17 02:00:04 [INFO] Backup completed

2026-08-17 03:00:00 [INFO] Scheduled backup started
2026-08-17 03:00:01 [INFO] No changes detected
2026-08-17 03:00:02 [INFO] Backup skipped

END OF LOG
